Microsoft Windows [Version 10.0.19042.1237]
(c) Microsoft Corporation. All rights reserved.

C:\Users\60307>git
usage: git [--version] [--help] [-C <path>] [-c <name>=<value>]
           [--exec-path[=<path>]] [--html-path] [--man-path] [--info-path]
           [-p | --paginate | -P | --no-pager] [--no-replace-objects] [--bare]
           [--git-dir=<path>] [--work-tree=<path>] [--namespace=<name>]
           [--super-prefix=<path>] [--config-env=<name>=<envvar>]
           <command> [<args>]

These are common Git commands used in various situations:

start a working area (see also: git help tutorial)
   clone             Clone a repository into a new directory
   init              Create an empty Git repository or reinitialize an existing one

work on the current change (see also: git help everyday)
   add               Add file contents to the index
   mv                Move or rename a file, a directory, or a symlink
   restore           Restore working tree files
   rm                Remove files from the working tree and from the index
   sparse-checkout   Initialize and modify the sparse-checkout

examine the history and state (see also: git help revisions)
   bisect            Use binary search to find the commit that introduced a bug
   diff              Show changes between commits, commit and working tree, etc
   grep              Print lines matching a pattern
   log               Show commit logs
   show              Show various types of objects
   status            Show the working tree status

grow, mark and tweak your common history
   branch            List, create, or delete branches
   commit            Record changes to the repository
   merge             Join two or more development histories together
   rebase            Reapply commits on top of another base tip
   reset             Reset current HEAD to the specified state
   switch            Switch branches
   tag               Create, list, delete or verify a tag object signed with GPG

collaborate (see also: git help workflows)
   fetch             Download objects and refs from another repository
   pull              Fetch from and integrate with another repository or a local branch
   push              Update remote refs along with associated objects

'git help -a' and 'git help -g' list available subcommands and some
concept guides. See 'git help <command>' or 'git help <concept>'
to read about a specific subcommand or concept.
See 'git help git' for an overview of the system.

C:\Users\60307>cd c:/

c:\>cd devC

c:\devC>git init
Initialized empty Git repository in C:/devC/.git/

c:\devC>git config --global user.name skagml

c:\devC>git config --global user.email namhui98@naver.com

c:\devC>git add *

c:\devC>git status
On branch master

No commits yet

Changes to be committed:
  (use "git rm --cached <file>..." to unstage)
        new file:   day01/.vs/day01/v16/.suo
        new file:   day01/.vs/day01/v16/Browse.VC.db
        new file:   day01/.vs/day01/v16/ipch/AutoPCH/35c3a8ad89942e8f/MYINFO.ipch
        new file:   day01/.vs/day01/v16/ipch/AutoPCH/3a6c78f209e03d14/TYPE_CHAR.ipch
        new file:   day01/.vs/day01/v16/ipch/AutoPCH/59b4296288f0f9f9/HELLO.ipch
        new file:   day01/.vs/day01/v16/ipch/AutoPCH/86890447b20b1bc5/TYPE_NUMBER.ipch
        new file:   day01/.vs/day01/v16/ipch/AutoPCH/9ecfa39f65fef74c/TYPE_CONVERSION.ipch
        new file:   day01/.vs/day01/v16/ipch/AutoPCH/ca2abc5a40faff64/VAR.ipch
        new file:   day01/Debug/day01.exe
        new file:   day01/Debug/day01.pdb
        new file:   day01/day01.sln
        new file:   day01/day01/Debug/day01.exe.recipe
        new file:   day01/day01/Debug/day01.ilk
        new file:   day01/day01/Debug/day01.log
        new file:   day01/day01/Debug/day01.tlog/CL.command.1.tlog
        new file:   day01/day01/Debug/day01.tlog/CL.read.1.tlog
        new file:   day01/day01/Debug/day01.tlog/CL.write.1.tlog
        new file:   day01/day01/Debug/day01.tlog/day01.lastbuildstate
        new file:   day01/day01/Debug/day01.tlog/link.command.1.tlog
        new file:   day01/day01/Debug/day01.tlog/link.read.1.tlog
        new file:   day01/day01/Debug/day01.tlog/link.write.1.tlog
        new file:   day01/day01/Debug/hello.obj
        new file:   day01/day01/Debug/myinfo.obj
        new file:   day01/day01/Debug/type_char.obj
        new file:   day01/day01/Debug/type_conversion.obj
        new file:   day01/day01/Debug/type_number.obj
        new file:   day01/day01/Debug/var.obj
        new file:   day01/day01/Debug/vc142.idb
        new file:   day01/day01/Debug/vc142.pdb
        new file:   day01/day01/day01.vcxproj
        new file:   day01/day01/day01.vcxproj.filters
        new file:   day01/day01/day01.vcxproj.user
        new file:   day01/day01/hello.c
        new file:   day01/day01/myinfo.c
        new file:   day01/day01/type_char.c
        new file:   day01/day01/type_conversion.c
        new file:   day01/day01/type_number.c
        new file:   day01/day01/var.c
        new file:   day02/.vs/day02/v16/.suo
        new file:   day02/.vs/day02/v16/Browse.VC.db
        new file:   day02/.vs/day02/v16/ipch/AutoPCH/123e89efb2c46a9e/CONSTANT2.ipch
        new file:   day02/.vs/day02/v16/ipch/AutoPCH/2707a3534c5e33f1/SWAP.ipch
        new file:   day02/.vs/day02/v16/ipch/AutoPCH/5091b589ac4c2bde/CONSTANT.ipch
        new file:   day02/.vs/day02/v16/ipch/AutoPCH/a7d9e661b7c84542/LOGIC.ipch
        new file:   day02/.vs/day02/v16/ipch/AutoPCH/b9b6277bb4a10a6b/SCAN.ipch
        new file:   day02/.vs/day02/v16/ipch/AutoPCH/d51f25c85ffdf9c0/MATH_OP.ipch
        new file:   day02/.vs/day02/v16/ipch/AutoPCH/dd78afb9a6ab090f/CHOICE_OP.ipch
        new file:   day02/.vs/day02/v16/ipch/AutoPCH/e5a999275b00290b/SCAN_EX.ipch
        new file:   day02/Debug/day02.exe
        new file:   day02/Debug/day02.pdb
        new file:   day02/day02.sln
        new file:   day02/day02/Debug/choice_op.obj
        new file:   day02/day02/Debug/constant.obj
        new file:   day02/day02/Debug/constant2.obj
        new file:   day02/day02/Debug/day02.exe.recipe
        new file:   day02/day02/Debug/day02.ilk
        new file:   day02/day02/Debug/day02.log
        new file:   day02/day02/Debug/day02.tlog/CL.command.1.tlog
        new file:   day02/day02/Debug/day02.tlog/CL.read.1.tlog
        new file:   day02/day02/Debug/day02.tlog/CL.write.1.tlog
        new file:   day02/day02/Debug/day02.tlog/day02.lastbuildstate
        new file:   day02/day02/Debug/day02.tlog/link.command.1.tlog
        new file:   day02/day02/Debug/day02.tlog/link.read.1.tlog
        new file:   day02/day02/Debug/day02.tlog/link.write.1.tlog
        new file:   day02/day02/Debug/logic.obj
        new file:   day02/day02/Debug/math_op.obj
        new file:   day02/day02/Debug/scan.obj
        new file:   day02/day02/Debug/scan_ex.obj
        new file:   day02/day02/Debug/swap.obj
        new file:   day02/day02/Debug/vc142.idb
        new file:   day02/day02/Debug/vc142.pdb
        new file:   day02/day02/choice_op.c
        new file:   day02/day02/constant.c
        new file:   day02/day02/constant2.c
        new file:   day02/day02/day02.vcxproj
        new file:   day02/day02/day02.vcxproj.filters
        new file:   day02/day02/day02.vcxproj.user
        new file:   day02/day02/logic.c
        new file:   day02/day02/math_op.c
        new file:   day02/day02/scan.c
        new file:   day02/day02/scan_ex.c
        new file:   day02/day02/swap.c


c:\devC>git commit -m "day01. day02"
[master (root-commit) dbb3045] day01. day02
 82 files changed, 867 insertions(+)
 create mode 100644 day01/.vs/day01/v16/.suo
 create mode 100644 day01/.vs/day01/v16/Browse.VC.db
 create mode 100644 day01/.vs/day01/v16/ipch/AutoPCH/35c3a8ad89942e8f/MYINFO.ipch
 create mode 100644 day01/.vs/day01/v16/ipch/AutoPCH/3a6c78f209e03d14/TYPE_CHAR.ipch
 create mode 100644 day01/.vs/day01/v16/ipch/AutoPCH/59b4296288f0f9f9/HELLO.ipch
 create mode 100644 day01/.vs/day01/v16/ipch/AutoPCH/86890447b20b1bc5/TYPE_NUMBER.ipch
 create mode 100644 day01/.vs/day01/v16/ipch/AutoPCH/9ecfa39f65fef74c/TYPE_CONVERSION.ipch
 create mode 100644 day01/.vs/day01/v16/ipch/AutoPCH/ca2abc5a40faff64/VAR.ipch
 create mode 100644 day01/Debug/day01.exe
 create mode 100644 day01/Debug/day01.pdb
 create mode 100644 day01/day01.sln
 create mode 100644 day01/day01/Debug/day01.exe.recipe
 create mode 100644 day01/day01/Debug/day01.ilk
 create mode 100644 day01/day01/Debug/day01.log
 create mode 100644 day01/day01/Debug/day01.tlog/CL.command.1.tlog
 create mode 100644 day01/day01/Debug/day01.tlog/CL.read.1.tlog
 create mode 100644 day01/day01/Debug/day01.tlog/CL.write.1.tlog
 create mode 100644 day01/day01/Debug/day01.tlog/day01.lastbuildstate
 create mode 100644 day01/day01/Debug/day01.tlog/link.command.1.tlog
 create mode 100644 day01/day01/Debug/day01.tlog/link.read.1.tlog
 create mode 100644 day01/day01/Debug/day01.tlog/link.write.1.tlog
 create mode 100644 day01/day01/Debug/hello.obj
 create mode 100644 day01/day01/Debug/myinfo.obj
 create mode 100644 day01/day01/Debug/type_char.obj
 create mode 100644 day01/day01/Debug/type_conversion.obj
 create mode 100644 day01/day01/Debug/type_number.obj
 create mode 100644 day01/day01/Debug/var.obj
 create mode 100644 day01/day01/Debug/vc142.idb
 create mode 100644 day01/day01/Debug/vc142.pdb
 create mode 100644 day01/day01/day01.vcxproj
 create mode 100644 day01/day01/day01.vcxproj.filters
 create mode 100644 day01/day01/day01.vcxproj.user
 create mode 100644 day01/day01/hello.c
 create mode 100644 day01/day01/myinfo.c
 create mode 100644 day01/day01/type_char.c
 create mode 100644 day01/day01/type_conversion.c
 create mode 100644 day01/day01/type_number.c
 create mode 100644 day01/day01/var.c
 create mode 100644 day02/.vs/day02/v16/.suo
 create mode 100644 day02/.vs/day02/v16/Browse.VC.db
 create mode 100644 day02/.vs/day02/v16/ipch/AutoPCH/123e89efb2c46a9e/CONSTANT2.ipch
 create mode 100644 day02/.vs/day02/v16/ipch/AutoPCH/2707a3534c5e33f1/SWAP.ipch
 create mode 100644 day02/.vs/day02/v16/ipch/AutoPCH/5091b589ac4c2bde/CONSTANT.ipch
 create mode 100644 day02/.vs/day02/v16/ipch/AutoPCH/a7d9e661b7c84542/LOGIC.ipch
 create mode 100644 day02/.vs/day02/v16/ipch/AutoPCH/b9b6277bb4a10a6b/SCAN.ipch
 create mode 100644 day02/.vs/day02/v16/ipch/AutoPCH/d51f25c85ffdf9c0/MATH_OP.ipch
 create mode 100644 day02/.vs/day02/v16/ipch/AutoPCH/dd78afb9a6ab090f/CHOICE_OP.ipch
 create mode 100644 day02/.vs/day02/v16/ipch/AutoPCH/e5a999275b00290b/SCAN_EX.ipch
 create mode 100644 day02/Debug/day02.exe
 create mode 100644 day02/Debug/day02.pdb
 create mode 100644 day02/day02.sln
 create mode 100644 day02/day02/Debug/choice_op.obj
 create mode 100644 day02/day02/Debug/constant.obj
 create mode 100644 day02/day02/Debug/constant2.obj
 create mode 100644 day02/day02/Debug/day02.exe.recipe
 create mode 100644 day02/day02/Debug/day02.ilk
 create mode 100644 day02/day02/Debug/day02.log
 create mode 100644 day02/day02/Debug/day02.tlog/CL.command.1.tlog
 create mode 100644 day02/day02/Debug/day02.tlog/CL.read.1.tlog
 create mode 100644 day02/day02/Debug/day02.tlog/CL.write.1.tlog
 create mode 100644 day02/day02/Debug/day02.tlog/day02.lastbuildstate
 create mode 100644 day02/day02/Debug/day02.tlog/link.command.1.tlog
 create mode 100644 day02/day02/Debug/day02.tlog/link.read.1.tlog
 create mode 100644 day02/day02/Debug/day02.tlog/link.write.1.tlog
 create mode 100644 day02/day02/Debug/logic.obj
 create mode 100644 day02/day02/Debug/math_op.obj
 create mode 100644 day02/day02/Debug/scan.obj
 create mode 100644 day02/day02/Debug/scan_ex.obj
 create mode 100644 day02/day02/Debug/swap.obj
 create mode 100644 day02/day02/Debug/vc142.idb
 create mode 100644 day02/day02/Debug/vc142.pdb
 create mode 100644 day02/day02/choice_op.c
 create mode 100644 day02/day02/constant.c
 create mode 100644 day02/day02/constant2.c
 create mode 100644 day02/day02/day02.vcxproj
 create mode 100644 day02/day02/day02.vcxproj.filters
 create mode 100644 day02/day02/day02.vcxproj.user
 create mode 100644 day02/day02/logic.c
 create mode 100644 day02/day02/math_op.c
 create mode 100644 day02/day02/scan.c
 create mode 100644 day02/day02/scan_ex.c
 create mode 100644 day02/day02/swap.c

c:\devC>git branch -M main

c:\devC>git remote add origin https://github.com/skagml/cworks.git

c:\devC>git push -u origin main
info: please complete authentication in your browser...
Enumerating objects: 117, done.
Counting objects: 100% (117/117), done.
Delta compression using up to 4 threads
Compressing objects: 100% (97/97), done.
Writing objects: 100% (117/117), 2.62 MiB | 2.24 MiB/s, done.
Total 117 (delta 43), reused 0 (delta 0), pack-reused 0
remote: Resolving deltas: 100% (43/43), done.
To https://github.com/skagml/cworks.git
 * [new branch]      main -> main
Branch 'main' set up to track remote branch 'main' from 'origin'.

c:\devC>